<?xml version="1.0" encoding="UTF-8"?>
<TestRun id="2062db53-c5fb-4ed2-8fb7-13ad7c41cf48" name="Yan@YAN-PC 2012-01-20 20:29:04" runUser="Yan-PC\Yan" xmlns="http://microsoft.com/schemas/VisualStudio/TeamTest/2010">
  <TestSettings name="Local" id="03a47df2-4b72-4bd3-8124-eac166128a6c">
    <Description>These are default test settings for a local test run.</Description>
    <Deployment enabled="false" runDeploymentRoot="Yan_YAN-PC 2012-01-20 20_29_04">
      <DeploymentItem filename="D:\Projetos\nfebox\nfebox.presentation.mvc\bin\nfebox.presentation.mvc.dll" />
      <DeploymentItem filename="D:\Projetos\nfebox\nfebox.domain.entities\bin\Debug\nfebox.domain.entities.dll" />
      <DeploymentItem filename="D:\Projetos\nfebox\nfebox.domain\bin\Debug\nfebox.domain.dll" />
    </Deployment>
    <Execution>
      <TestTypeSpecific />
      <AgentRule name="Execution Agents">
      </AgentRule>
    </Execution>
  </TestSettings>
  <Times creation="2012-01-20T20:29:04.8100278-03:00" queuing="2012-01-20T20:29:06.8671455-03:00" start="2012-01-20T20:29:07.1961643-03:00" finish="2012-01-20T20:30:42.5856203-03:00" />
  <ResultSummary outcome="Failed">
    <Counters total="5" executed="5" passed="4" error="0" failed="1" timeout="0" aborted="0" inconclusive="0" passedButRunAborted="0" notRunnable="0" notExecuted="0" disconnected="0" warning="0" completed="0" inProgress="0" pending="0" />
  </ResultSummary>
  <TestDefinitions>
    <UnitTest name="GravarNotaFiscalApartirDoXml" storage="d:\projetos\nfebox\nfebox.domain.tests\bin\debug\nfebox.domain.tests.dll" id="ef0f6254-0b09-a43e-36bf-f4d5d6028c7b">
      <Execution id="b1988a03-857e-4849-a0ec-92349928e349" />
      <TestMethod codeBase="D:/Projetos/nfebox/nfebox.domain.tests/bin/Debug/nfebox.domain.tests.DLL" adapterTypeName="Microsoft.VisualStudio.TestTools.TestTypes.Unit.UnitTestAdapter, Microsoft.VisualStudio.QualityTools.Tips.UnitTest.Adapter, Version=10.0.0.0, Culture=neutral, PublicKeyToken=b03f5f7f11d50a3a" className="nfebox.domain.tests.ServicosNotaFiscalTeste, nfebox.domain.tests, Version=1.0.0.0, Culture=neutral, PublicKeyToken=null" name="GravarNotaFiscalApartirDoXml" />
    </UnitTest>
    <UnitTest name="CriarNotaApartirDoXml" storage="d:\projetos\nfebox\nfebox.domain.tests\bin\debug\nfebox.domain.tests.dll" id="7a299292-d530-aa01-a524-1d744f0fe448">
      <Execution id="b94d63f2-f1ba-47a9-ac37-29ab08588160" />
      <TestMethod codeBase="D:/Projetos/nfebox/nfebox.domain.tests/bin/Debug/nfebox.domain.tests.DLL" adapterTypeName="Microsoft.VisualStudio.TestTools.TestTypes.Unit.UnitTestAdapter, Microsoft.VisualStudio.QualityTools.Tips.UnitTest.Adapter, Version=10.0.0.0, Culture=neutral, PublicKeyToken=b03f5f7f11d50a3a" className="nfebox.domain.tests.FabricaNotaFiscalTest, nfebox.domain.tests, Version=1.0.0.0, Culture=neutral, PublicKeyToken=null" name="CriarNotaApartirDoXml" />
    </UnitTest>
    <UnitTest name="Index" storage="d:\projetos\nfebox\nfebox.presentation.mvc.tests\bin\debug\nfebox.presentation.mvc.tests.dll" id="f019394f-8ce0-2dd1-ac52-f2561b487746">
      <Execution id="aad7c721-0a53-46d9-94ba-8ec193e7d64d" />
      <TestMethod codeBase="D:/Projetos/nfebox/nfebox.presentation.mvc.Tests/bin/Debug/nfebox.presentation.mvc.Tests.DLL" adapterTypeName="Microsoft.VisualStudio.TestTools.TestTypes.Unit.UnitTestAdapter, Microsoft.VisualStudio.QualityTools.Tips.UnitTest.Adapter, Version=10.0.0.0, Culture=neutral, PublicKeyToken=b03f5f7f11d50a3a" className="nfebox.presentation.mvc.Tests.Controllers.HomeControllerTest, nfebox.presentation.mvc.Tests, Version=1.0.0.0, Culture=neutral, PublicKeyToken=null" name="Index" />
    </UnitTest>
    <UnitTest name="About" storage="d:\projetos\nfebox\nfebox.presentation.mvc.tests\bin\debug\nfebox.presentation.mvc.tests.dll" id="74b88077-e57f-c3ad-6393-41557148bf9e">
      <Execution id="5b115503-2c16-4b49-b953-1d636733ae65" />
      <TestMethod codeBase="D:/Projetos/nfebox/nfebox.presentation.mvc.Tests/bin/Debug/nfebox.presentation.mvc.Tests.DLL" adapterTypeName="Microsoft.VisualStudio.TestTools.TestTypes.Unit.UnitTestAdapter, Microsoft.VisualStudio.QualityTools.Tips.UnitTest.Adapter, Version=10.0.0.0, Culture=neutral, PublicKeyToken=b03f5f7f11d50a3a" className="nfebox.presentation.mvc.Tests.Controllers.HomeControllerTest, nfebox.presentation.mvc.Tests, Version=1.0.0.0, Culture=neutral, PublicKeyToken=null" name="About" />
    </UnitTest>
    <UnitTest name="CriarNotaApartirDoXmlSemDataSaidaHoraSaida" storage="d:\projetos\nfebox\nfebox.domain.tests\bin\debug\nfebox.domain.tests.dll" id="862a1bb5-8869-2305-9c9b-be3aa20e6900">
      <Execution id="3c8dd3d5-9646-4648-b412-f9befdedb2c1" />
      <TestMethod codeBase="D:/Projetos/nfebox/nfebox.domain.tests/bin/Debug/nfebox.domain.tests.DLL" adapterTypeName="Microsoft.VisualStudio.TestTools.TestTypes.Unit.UnitTestAdapter, Microsoft.VisualStudio.QualityTools.Tips.UnitTest.Adapter, Version=10.0.0.0, Culture=neutral, PublicKeyToken=b03f5f7f11d50a3a" className="nfebox.domain.tests.FabricaNotaFiscalTest, nfebox.domain.tests, Version=1.0.0.0, Culture=neutral, PublicKeyToken=null" name="CriarNotaApartirDoXmlSemDataSaidaHoraSaida" />
    </UnitTest>
  </TestDefinitions>
  <TestLists>
    <TestList name="Results Not in a List" id="8c84fa94-04c1-424b-9868-57a2d4851a1d" />
    <TestList name="All Loaded Results" id="19431567-8539-422a-85d7-44ee4e166bda" />
  </TestLists>
  <TestEntries>
    <TestEntry testId="74b88077-e57f-c3ad-6393-41557148bf9e" executionId="5b115503-2c16-4b49-b953-1d636733ae65" testListId="8c84fa94-04c1-424b-9868-57a2d4851a1d" />
    <TestEntry testId="7a299292-d530-aa01-a524-1d744f0fe448" executionId="b94d63f2-f1ba-47a9-ac37-29ab08588160" testListId="8c84fa94-04c1-424b-9868-57a2d4851a1d" />
    <TestEntry testId="862a1bb5-8869-2305-9c9b-be3aa20e6900" executionId="3c8dd3d5-9646-4648-b412-f9befdedb2c1" testListId="8c84fa94-04c1-424b-9868-57a2d4851a1d" />
    <TestEntry testId="ef0f6254-0b09-a43e-36bf-f4d5d6028c7b" executionId="b1988a03-857e-4849-a0ec-92349928e349" testListId="8c84fa94-04c1-424b-9868-57a2d4851a1d" />
    <TestEntry testId="f019394f-8ce0-2dd1-ac52-f2561b487746" executionId="aad7c721-0a53-46d9-94ba-8ec193e7d64d" testListId="8c84fa94-04c1-424b-9868-57a2d4851a1d" />
  </TestEntries>
  <Results>
    <UnitTestResult executionId="5b115503-2c16-4b49-b953-1d636733ae65" testId="74b88077-e57f-c3ad-6393-41557148bf9e" testName="About" computerName="YAN-PC" duration="00:00:00.6631937" startTime="2012-01-20T20:29:07.4531790-03:00" endTime="2012-01-20T20:29:09.3642883-03:00" testType="13cdc9d9-ddb5-4fa4-a97d-d965ccfc6d4b" outcome="Passed" testListId="8c84fa94-04c1-424b-9868-57a2d4851a1d" relativeResultsDirectory="5b115503-2c16-4b49-b953-1d636733ae65">
    </UnitTestResult>
    <UnitTestResult executionId="b94d63f2-f1ba-47a9-ac37-29ab08588160" testId="7a299292-d530-aa01-a524-1d744f0fe448" testName="CriarNotaApartirDoXml" computerName="YAN-PC" duration="00:01:26.7984222" startTime="2012-01-20T20:29:09.3802892-03:00" endTime="2012-01-20T20:30:36.8782938-03:00" testType="13cdc9d9-ddb5-4fa4-a97d-d965ccfc6d4b" outcome="Failed" testListId="8c84fa94-04c1-424b-9868-57a2d4851a1d" relativeResultsDirectory="b94d63f2-f1ba-47a9-ac37-29ab08588160">
      <Output>
        <ErrorInfo>
          <Message>Test method nfebox.domain.tests.FabricaNotaFiscalTest.CriarNotaApartirDoXml threw exception: 
System.InvalidCastException: Specified cast is not valid.</Message>
          <StackTrace>    at nfebox.domain.entities.factories.FabricaNotaFiscalBase.ParseToDouble(XElement element, Object defaultValue) in D:\Projetos\nfebox\nfebox.domain.entities\factories\FabricaNotaFiscalBase.cs:line 37
   at nfebox.domain.entities.factories.FabricaItemNotaFiscal.Criar(XElement xml) in D:\Projetos\nfebox\nfebox.domain.entities\factories\FabricaItemNotaFiscal.cs:line 36
   at nfebox.domain.entities.factories.FabricaNotaFiscal.Criar(XElement xml, Usuario usuario) in D:\Projetos\nfebox\nfebox.domain.entities\factories\FabricaNotaFiscal.cs:line 43
   at nfebox.domain.tests.FabricaNotaFiscalTest.CriarNotaApartirDoXml() in D:\Projetos\nfebox\nfebox.domain.tests\FabricaNotaFiscalTest.cs:line 18
</StackTrace>
        </ErrorInfo>
      </Output>
    </UnitTestResult>
    <UnitTestResult executionId="3c8dd3d5-9646-4648-b412-f9befdedb2c1" testId="862a1bb5-8869-2305-9c9b-be3aa20e6900" testName="CriarNotaApartirDoXmlSemDataSaidaHoraSaida" computerName="YAN-PC" duration="00:00:04.9151931" startTime="2012-01-20T20:30:36.9752994-03:00" endTime="2012-01-20T20:30:41.9115817-03:00" testType="13cdc9d9-ddb5-4fa4-a97d-d965ccfc6d4b" outcome="Passed" testListId="8c84fa94-04c1-424b-9868-57a2d4851a1d" relativeResultsDirectory="3c8dd3d5-9646-4648-b412-f9befdedb2c1">
    </UnitTestResult>
    <UnitTestResult executionId="b1988a03-857e-4849-a0ec-92349928e349" testId="ef0f6254-0b09-a43e-36bf-f4d5d6028c7b" testName="GravarNotaFiscalApartirDoXml" computerName="YAN-PC" duration="00:00:00.0008812" startTime="2012-01-20T20:30:41.9345830-03:00" endTime="2012-01-20T20:30:41.9515840-03:00" testType="13cdc9d9-ddb5-4fa4-a97d-d965ccfc6d4b" outcome="Passed" testListId="8c84fa94-04c1-424b-9868-57a2d4851a1d" relativeResultsDirectory="b1988a03-857e-4849-a0ec-92349928e349">
    </UnitTestResult>
    <UnitTestResult executionId="aad7c721-0a53-46d9-94ba-8ec193e7d64d" testId="f019394f-8ce0-2dd1-ac52-f2561b487746" testName="Index" computerName="YAN-PC" duration="00:00:00.3306994" startTime="2012-01-20T20:30:41.9665848-03:00" endTime="2012-01-20T20:30:42.3106045-03:00" testType="13cdc9d9-ddb5-4fa4-a97d-d965ccfc6d4b" outcome="Passed" testListId="8c84fa94-04c1-424b-9868-57a2d4851a1d" relativeResultsDirectory="aad7c721-0a53-46d9-94ba-8ec193e7d64d">
    </UnitTestResult>
  </Results>
</TestRun>