<?xml version="1.0" encoding="UTF-8"?>
<TestRun id="e774af9d-fe80-4013-9b43-4c66aa525ddb" name="Yan@YAN-PC 2012-01-20 20:19:13" runUser="Yan-PC\Yan" xmlns="http://microsoft.com/schemas/VisualStudio/TeamTest/2010">
  <TestSettings name="Local" id="03a47df2-4b72-4bd3-8124-eac166128a6c">
    <Description>These are default test settings for a local test run.</Description>
    <Deployment enabled="false" runDeploymentRoot="Yan_YAN-PC 2012-01-20 20_19_13">
      <DeploymentItem filename="D:\Projetos\nfebox\nfebox.domain.entities\bin\Debug\nfebox.domain.entities.dll" />
      <DeploymentItem filename="D:\Projetos\nfebox\nfebox.domain\bin\Debug\nfebox.domain.dll" />
    </Deployment>
    <Execution>
      <TestTypeSpecific />
      <AgentRule name="Execution Agents">
      </AgentRule>
    </Execution>
  </TestSettings>
  <Times creation="2012-01-20T20:19:13.0021783-03:00" queuing="2012-01-20T20:19:14.7192765-03:00" start="2012-01-20T20:19:14.9752912-03:00" finish="2012-01-20T20:19:57.3587154-03:00" />
  <ResultSummary outcome="Error">
    <Counters total="1" executed="1" error="0" failed="0" timeout="0" aborted="1" inconclusive="0" passedButRunAborted="0" notRunnable="0" notExecuted="0" disconnected="0" warning="0" passed="0" completed="0" inProgress="0" pending="0" />
    <RunInfos>
      <RunInfo computerName="YAN-PC" outcome="Error" timestamp="2012-01-20T20:19:57.3547152-03:00">
        <Text>Test host process exited unexpectedly.</Text>
      </RunInfo>
    </RunInfos>
  </ResultSummary>
  <TestDefinitions>
    <UnitTest name="CriarNotaApartirDoXmlSemDataSaidaHoraSaida" storage="d:\projetos\nfebox\nfebox.domain.tests\bin\debug\nfebox.domain.tests.dll" id="862a1bb5-8869-2305-9c9b-be3aa20e6900">
      <Execution id="fbb51e85-d2f5-4751-99a7-3215ef160cf0" />
      <TestMethod codeBase="D:/Projetos/nfebox/nfebox.domain.tests/bin/Debug/nfebox.domain.tests.DLL" adapterTypeName="Microsoft.VisualStudio.TestTools.TestTypes.Unit.UnitTestAdapter, Microsoft.VisualStudio.QualityTools.Tips.UnitTest.Adapter, Version=10.0.0.0, Culture=neutral, PublicKeyToken=b03f5f7f11d50a3a" className="nfebox.domain.tests.FabricaNotaFiscalTest, nfebox.domain.tests, Version=1.0.0.0, Culture=neutral, PublicKeyToken=null" name="CriarNotaApartirDoXmlSemDataSaidaHoraSaida" />
    </UnitTest>
  </TestDefinitions>
  <TestLists>
    <TestList name="Results Not in a List" id="8c84fa94-04c1-424b-9868-57a2d4851a1d" />
    <TestList name="All Loaded Results" id="19431567-8539-422a-85d7-44ee4e166bda" />
  </TestLists>
  <TestEntries>
    <TestEntry testId="862a1bb5-8869-2305-9c9b-be3aa20e6900" executionId="fbb51e85-d2f5-4751-99a7-3215ef160cf0" testListId="8c84fa94-04c1-424b-9868-57a2d4851a1d" />
  </TestEntries>
  <Results>
    <UnitTestResult executionId="fbb51e85-d2f5-4751-99a7-3215ef160cf0" testId="862a1bb5-8869-2305-9c9b-be3aa20e6900" testName="CriarNotaApartirDoXmlSemDataSaidaHoraSaida" computerName="YAN-PC" duration="00:00:42.1384102" startTime="2012-01-20T20:19:15.2203052-03:00" endTime="2012-01-20T20:19:57.3587154-03:00" testType="13cdc9d9-ddb5-4fa4-a97d-d965ccfc6d4b" outcome="Aborted" testListId="8c84fa94-04c1-424b-9868-57a2d4851a1d" relativeResultsDirectory="fbb51e85-d2f5-4751-99a7-3215ef160cf0">
    </UnitTestResult>
  </Results>
</TestRun>